// Jest Snapshot v1, https://goo.gl/fbAQLP

exports[`PlantList should render correctly 1`] = `
<Carousel
  additionalTransfrom={0}
  afterChange={[Function]}
  arrows={true}
  autoPlay={false}
  autoPlaySpeed={3000}
  beforeChange={[Function]}
  centerMode={true}
  className=""
  containerClass="carousel-container"
  customTransition="all .3s ease-in-out"
  dotListClass=""
  draggable={true}
  focusOnSelect={false}
  infinite={true}
  itemClass="image-item"
  keyBoardControl={true}
  minimumTouchDrag={80}
  removeArrowOnDeviceType={
    Array [
      "tablet",
      "mobile",
    ]
  }
  renderButtonGroupOutside={false}
  renderDotsOutside={true}
  responsive={
    Object {
      "all": Object {
        "breakpoint": Object {
          "max": 5000,
          "min": 0,
        },
        "items": 1,
        "partialVisibilityGutter": 10,
      },
    }
  }
  showDots={false}
  sliderClass=""
  slidesToSlide={1}
  swipeable={true}
  transitionDuration={300}
/>
`;
