// Jest Snapshot v1, https://goo.gl/fbAQLP

exports[`Footer should render correctly 1`] = `
<footer
  className="makeStyles-footer-1"
>
  <WithStyles(ForwardRef(Grid))
    container={true}
    justify="center"
    spacing={2}
  >
    <WithStyles(ForwardRef(AvatarGroup))
      max={5}
    />
    <Drawer
      activePlant={Object {}}
      setActivePlant={[MockFunction]}
      transformPlant={[MockFunction]}
    />
  </WithStyles(ForwardRef(Grid))>
</footer>
`;
