// Jest Snapshot v1, https://goo.gl/fbAQLP

exports[`Plantala should render correctly 1`] = `
<div
  className="plantala"
>
  <Sound
    autoLoad={false}
    loop={true}
    onBufferChange={[Function]}
    onError={[Function]}
    onFinishedPlaying={[Function]}
    onLoad={[Function]}
    onLoading={[Function]}
    onPause={[Function]}
    onPlaying={[Function]}
    onResume={[Function]}
    onStop={[Function]}
    playStatus="STOPPED"
    playbackRate={1}
    url="background.mp3"
    volume={100}
  />
  <Imprint
    onClose={[Function]}
    open={false}
  />
  <ContextProvider
    value={
      Array [
        true,
        1,
      ]
    }
  >
    <Header
      isPlaying={false}
      setColorMode={[Function]}
      setImprint={[Function]}
      setSound={[Function]}
      setStart={[Function]}
    />
    <Main
      action="Start"
      plants={
        Array [
          Object {
            "description": "verbreitet in Afrika; immergrün",
            "link": "https://sammlungen.uni-goettingen.de/objekt/record_naniweb_461963/1/-/",
            "name": "Samen einer Senegal-Akazie",
            "order": 0,
            "selected": false,
            "source": "Acacia_Senegal_Gummiakazie_Ausschnitt",
            "wiki": "https://de.wikipedia.org/wiki/Gummiarabikumbaum",
          },
          Object {
            "description": "stammt aus Südamerika; weltweiter Anbau in tropischen Zonen",
            "link": "https://sammlungen.uni-goettingen.de/objekt/record_naniweb_461320/1/",
            "name": "Blumenkronblatt einer Ananas",
            "order": 0,
            "selected": false,
            "source": "Ananas_sativus_Schult. _Ananas_Ausschnitt",
            "wiki": "https://de.wikipedia.org/wiki/Ananas",
          },
          Object {
            "description": "stammt aus Afrika; global verbreitet als Futtergras",
            "link": "https://sammlungen.uni-goettingen.de/objekt/record_naniweb_461265/1/",
            "name": "Saftschuppen der Sorghumhirse",
            "order": 0,
            "selected": false,
            "source": "Andropogon_Sorghum_Brotero_var._Durrha._Mohrenhirse_Ausschnitt",
            "wiki": "https://de.wikipedia.org/wiki/Mohrenhirse",
          },
          Object {
            "description": "ursprünglich aus den Anden; die ältesten Funde sind 5000 Jahre alt",
            "link": "https://sammlungen.uni-goettingen.de/objekt/record_naniweb_461334/1/",
            "name": "Kelchsaum der Erdnusspflanze",
            "order": 0,
            "selected": false,
            "source": "Arachis_hypogaea_Linné_Erdnuss_Ausschnitt",
            "wiki": "https://de.wikipedia.org/wiki/Erdnuss",
          },
          Object {
            "description": "wächst auf Kreta; bildet dornige Polster",
            "link": "https://sammlungen.uni-goettingen.de/objekt/record_naniweb_459303/1/",
            "name": "Samen des Kretischen Tragant",
            "order": 0,
            "selected": false,
            "source": "Astragalus_creticus_Lam. _Cretischer_Traganthstrauch_Ausschnitt",
            "wiki": "https://de.wikipedia.org/wiki/Tragant",
          },
          Object {
            "description": "wächst vor allem in den (Sub-)Tropen vor; 150 Arten weltweit",
            "link": "https://sammlungen.uni-goettingen.de/objekt/record_naniweb_463210/1/",
            "name": "Ähren des Bambusrohrs",
            "order": 0,
            "selected": false,
            "source": "Bambusa_arundinacea_Willd. _Gemeines_Bambusrohr_Ausschnitt",
            "wiki": "https://de.wikipedia.org/wiki/Bambusa",
          },
          Object {
            "description": "kommt in den Savannen südlich der Sahara vor; Früchte sind Quelle für Sheabutter",
            "link": "https://sammlungen.uni-goettingen.de/objekt/record_naniweb_461349/1/",
            "name": "Frucht des Karitébaums",
            "order": 0,
            "selected": false,
            "source": "Butyrospermum_Parkii_Kotschy,_Illipe_latifolia_Engler_Afrikanischer_Butterbaum,_Mahwabaum_Ausschnitt",
            "wiki": "https://de.wikipedia.org/wiki/Karit%C3%A9baum",
          },
          Object {
            "description": "verbreitet in den Tropen Afrikas und Madagaskars; verletzte Rinde sondert Kautschuk ab",
            "link": "https://sammlungen.uni-goettingen.de/objekt/record_naniweb_461359/1/",
            "name": "Blütenboden der Kautschukliane",
            "order": 0,
            "selected": false,
            "source": "Landolphia_comorensis,_var._florida_K._Schumann _Schönblühende_Kautschukliane_Teil3_Ausschnitt",
            "wiki": "https://de.wikipedia.org/wiki/Rauvolfioideae",
          },
          Object {
            "description": "stammt aus Mittel- und Südamerika; Pepperoni, Chili und Paprika gehören zu dieser Art",
            "link": "https://sammlungen.uni-goettingen.de/objekt/record_naniweb_459298/1/-/",
            "name": "Blumenkrone des Spanischen Pfeffers",
            "order": 0,
            "selected": false,
            "source": "Capsicum_longum_DC._Spanischer_Pfeffer_I_Ausschnitt",
            "wiki": "https://de.wikipedia.org/wiki/Spanischer_Pfeffer",
          },
          Object {
            "description": "kommt in Süd- und Mittelamerika vor; Samen wurden früher zur Entwurmung eingesetzt",
            "link": "https://sammlungen.uni-goettingen.de/objekt/record_naniweb_461346/1/",
            "name": "Papayafrucht",
            "order": 0,
            "selected": false,
            "source": "Carica_Papaya_Linné_Melonenbaum_Ausschnitt",
            "wiki": "https://de.wikipedia.org/wiki/Papaya",
          },
          Object {
            "description": "stammt aus dem Mittelmeeraum; Früchte (Esskastanien) essbar",
            "link": "https://sammlungen.uni-goettingen.de/objekt/record_naniweb_461959/1/-/",
            "name": "Blüte der Edelkastanie",
            "order": 0,
            "selected": false,
            "source": "Castanea_vulgaris_Edelkastanie_Ausschnitt",
            "wiki": "https://de.wikipedia.org/wiki/Edelkastanie",
          },
          Object {
            "description": "wächst in Zentral- und Südamerika; aus der Rinde wird Chinin gewonnen",
            "link": "https://sammlungen.uni-goettingen.de/objekt/record_naniweb_461284/1/-/",
            "name": "Blütenkrone des Chinarindenbaums",
            "order": 0,
            "selected": false,
            "source": "Cinchona_Calisaya_var_ Josephiana_Weddell_Fieberrindenbaum_Ausschnitt",
            "wiki": "https://de.wikipedia.org/wiki/Chinarindenb%C3%A4ume",
          },
          Object {
            "description": "stammt ursprünglich aus Indien; aus Samen wird Öl gewonnen",
            "link": "https://sammlungen.uni-goettingen.de/objekt/record_naniweb_461357/1/-/",
            "name": "Samen des Indischen Sesams",
            "order": 0,
            "selected": false,
            "source": "Sesamum_indicum_Linné_Sesamum_orientale_Linné_Indischer_Sesam_Weisser_Sesam_Teil2_Ausschnitt",
            "wiki": "https://de.wikipedia.org/wiki/Sesam",
          },
          Object {
            "description": "kommt aus Ostasien; aus dem Holz wird Campheröl gewonnen",
            "link": "https://sammlungen.uni-goettingen.de/objekt/record_naniweb_461324/1/-/",
            "name": "Frucht des Kampferbaums",
            "order": 0,
            "selected": false,
            "source": "Cinnamomum_Camphora_Nees_et_Eberm._Kampferbaum_Ausschnitt",
            "wiki": "https://de.wikipedia.org/wiki/Kampferbaum",
          },
          Object {
            "description": "ursprünglich aus Afrika südlich der Sahara; Kolanüsse sind Koffeeinhaltig",
            "link": "https://sammlungen.uni-goettingen.de/objekt/record_naniweb_461342/1/-/",
            "name": "Blüte des Kolabaums",
            "order": 0,
            "selected": false,
            "source": "Cola_acuminata_R._Brown_Kolabaum_Ausschnitt",
            "wiki": "https://de.wikipedia.org/wiki/Kolab%C3%A4ume",
          },
          Object {
            "description": "stammt aus Mittel- und Südamerika; Pepperoni, Chili und Paprika gehören zu dieser Art",
            "link": "https://sammlungen.uni-goettingen.de/objekt/record_naniweb_461353/1/-/",
            "name": "Samen des Spanischen Pfeffers",
            "order": 0,
            "selected": false,
            "source": "Capsicum_longum_DC._Spanischer_Pfeffer_II_Ausschnitt",
            "wiki": "https://de.wikipedia.org/wiki/Spanischer_Pfeffer",
          },
          Object {
            "description": "kommt in den (Sub-)Tropen vor; manche Arten werden als Ebenholz verwendet",
            "link": "https://sammlungen.uni-goettingen.de/objekt/record_naniweb_461351/1/",
            "name": "Blüte des Ebenholzbaums",
            "order": 0,
            "selected": false,
            "source": "Diospyros_Dalechamps_Ebenholzbaum_Ausschnitt",
            "wiki": "https://de.wikipedia.org/wiki/Ebenholzb%C3%A4ume",
          },
          Object {
            "description": "stammt von den Banda-Inseln und den Molukken; Samen (Muskatnuss) wird als Gewürz verwendet",
            "link": "https://sammlungen.uni-goettingen.de/objekt/record_naniweb_459328/1/-/",
            "name": "Fruchtknoten des Muskatnussbaums",
            "order": 0,
            "selected": false,
            "source": "Echter_Muskatnussbaum_Ausschnitt",
            "wiki": "https://de.wikipedia.org/wiki/Muskatnussbaum",
          },
          Object {
            "description": "verbreitet in den Tropen Afrikas und Madagaskars; verletzte Rinde sondert Kautschuk ab",
            "link": "https://sammlungen.uni-goettingen.de/objekt/record_naniweb_461359/1/",
            "name": "Frucht der Kautschukliane",
            "order": 0,
            "selected": false,
            "source": "Landolphia_comorensis,_var._florida_K._Schumann _Schönblühende_Kautschukliane_Ausschnitt",
            "wiki": "https://de.wikipedia.org/wiki/Rauvolfioideae",
          },
          Object {
            "description": "stammt aus den Tropen Afrikas; aus den Früchten wird Palmöl gewonnen",
            "link": "https://sammlungen.uni-goettingen.de/objekt/record_naniweb_461298/1/-/",
            "name": "Staubblattbündel der Ölpalme",
            "order": 0,
            "selected": false,
            "source": "Elaeis_guineensis_Linné_Afrikanische_Ölpalme_Ausschnitt",
            "wiki": "https://de.wikipedia.org/wiki/%C3%96lpalme",
          },
          Object {
            "description": "stammt aus Südasien; Kapselfrüchte werden als Gewürz verwendet",
            "link": "https://sammlungen.uni-goettingen.de/objekt/record_naniweb_459311/1/",
            "name": "Fruchtknoten des Grünen Kardamom",
            "order": 0,
            "selected": false,
            "source": "Elettaria_cardamomum_White_Echte_Kardamompflanze_Ausschnitt",
            "wiki": "https://de.wikipedia.org/wiki/Gr%C3%BCner_Kardamom",
          },
          Object {
            "description": "kommt vor allem in den Tropen vor; liefert den Pflanzenfarbstoff Gummigutta",
            "link": "https://sammlungen.uni-goettingen.de/objekt/record_naniweb_461344/1/-/",
            "name": "Stempel des Echten Gummiguttbaum",
            "order": 0,
            "selected": false,
            "source": "Garcinia_Hanburyi_Hooker_L._Echter_Gummiguttbaum_Ausschnitt",
            "wiki": "https://de.wikipedia.org/wiki/Garcinia",
          },
          Object {
            "description": "stammt aus Zentral- und Nordsüdamerika; wurde früher als Schwarzholz bezeichnet",
            "link": "https://sammlungen.uni-goettingen.de/objekt/record_naniweb_461328/1/-/",
            "name": "Fruchthülse des Blutholzbaums",
            "order": 0,
            "selected": false,
            "source": "Haematoxylon_campecheanum_Linne_Kampecheholzbaum_Ausschnitt",
            "wiki": "https://de.wikipedia.org/wiki/Blutholzbaum",
          },
          Object {
            "description": "stammt aus Südasien; Kapselfrüchte werden als Gewürz verwendet",
            "link": "https://sammlungen.uni-goettingen.de/objekt/record_naniweb_461314/1/-/",
            "name": "Samen des Kardamom",
            "order": 0,
            "selected": false,
            "source": "Elettaria_Cardamomum_White_et_Maton_Malobar_Cardamome_Ausschnitt",
            "wiki": "https://de.wikipedia.org/wiki/Gr%C3%BCner_Kardamom",
          },
          Object {
            "description": "stammt aus Süd- und Mittelamerika; entwickelt gelbrötliches Baumharz (Copal)",
            "link": "https://sammlungen.uni-goettingen.de/objekt/record_naniweb_461325/1/-/",
            "name": "Blütenboden des Lokustbaums",
            "order": 0,
            "selected": false,
            "source": "Hymenaea_Courbaril_L._Amerikanischer_Kopalbaum_Lokustbaum_Teil2_Ausschnitt",
            "wiki": "https://de.wikipedia.org/wiki/Hymenaea_courbaril",
          },
          Object {
            "description": "verbreitet in Südamerika; aus trockenen Blättern wird ein Teeaufguss bereitet",
            "link": "https://sammlungen.uni-goettingen.de/objekt/record_naniweb_461340/1/-/",
            "name": "Fruchtknoten der Matepflanze",
            "order": 0,
            "selected": false,
            "source": "Ilex_paraguariensis_St._Hilaire_Mate-Pflanze,_Paraguay_Theestrauch_Ausschnitt",
            "wiki": "https://de.wikipedia.org/wiki/Mate-Strauch",
          },
          Object {
            "description": "beheimatet in Indien, Afrika und China; Blätter dienten zur Gewinnung der blauen Indigofarbe",
            "link": "https://sammlungen.uni-goettingen.de/objekt/record_naniweb_461962/1/-/",
            "name": "Frucht der Indigopflanze",
            "order": 0,
            "selected": false,
            "source": "Indigofera_tinctoria_Indigopflanze_Ausschnitt",
            "wiki": "https://de.wikipedia.org/wiki/Indigopflanze",
          },
          Object {
            "description": "stammt aus den Anden; die ältesten Funde sind 5000 Jahre alt",
            "link": "https://sammlungen.uni-goettingen.de/objekt/record_naniweb_461937/1/",
            "name": "Keimling der Erdnuss",
            "order": 0,
            "selected": false,
            "source": "Arachis_hypogaea,_Sesamum_indicum,_Sesamum_orientale_Erdnuss_Indischer_Sesam_Weißer_Sesam_Ausschnitt",
            "wiki": "https://de.wikipedia.org/wiki/Erdnuss",
          },
          Object {
            "description": "vermutlich aus Syrien stammend; essbare Früchte heißen Walnüsse",
            "link": "https://sammlungen.uni-goettingen.de/objekt/record_naniweb_461956/1/-/",
            "name": "Blüte des Echten Walnussbaums",
            "order": 0,
            "selected": false,
            "source": "Juglans_regia_Gemeiner_Walnussbaum_Teil2_Ausschnitt",
            "wiki": "https://de.wikipedia.org/wiki/Echte_Walnuss",
          },
          Object {
            "description": "verbreitet in den Tropen Afrikas und Madagaskars; verletzte Rinde sondert Kautschuk ab",
            "link": "https://sammlungen.uni-goettingen.de/objekt/record_naniweb_461359/1/",
            "name": "Samen der Kautschukliane",
            "order": 0,
            "selected": false,
            "source": "Landolphia_comorensis,_var._florida_K._Schumann _Schönblühende_Kautschukliane_Teil2_Ausschnitt",
            "wiki": "https://de.wikipedia.org/wiki/Rauvolfioideae",
          },
          Object {
            "description": "stammt aus Brasilien und Paraguay; die Pflanze ist als Maniok, Kassave oder Yuca bekannt",
            "link": "https://sammlungen.uni-goettingen.de/objekt/record_naniweb_461287/1/-/",
            "name": "Blüte des Manihots",
            "order": 0,
            "selected": false,
            "source": "Manihot_utilissima_Pohl_Maniok-_oder_Cassavestrauch_Ausschnitt",
            "wiki": "https://de.wikipedia.org/wiki/Manihot",
          },
          Object {
            "description": "kommt in den Tropen vor; aus der Pflanze wird Stärkemehl gewonnen",
            "link": "https://sammlungen.uni-goettingen.de/objekt/record_naniweb_461954/1/-/",
            "name": "Staubbeutel der Pfeilwurzpflanze",
            "order": 0,
            "selected": false,
            "source": "Maranta_arundinacea_L. _Pfeilwurz_Ausschnitt",
            "wiki": "https://de.wikipedia.org/wiki/Maranta_arundinacea",
          },
          Object {
            "description": "stammt von den Banda-Inseln und den Molukken; Samen (Muskatnuss) wird als Gewürz verwendet",
            "link": "https://sammlungen.uni-goettingen.de/objekt/record_naniweb_461280/1/-/",
            "name": "Staubblatt des Muskatnussbaums",
            "order": 0,
            "selected": false,
            "source": "Myristica_fragrans_Houttuyn_Muskatnussbaum_Ausschnitt",
            "wiki": "https://de.wikipedia.org/wiki/Muskatnussbaum",
          },
          Object {
            "description": "kommt in den USA und Mexiko vor; Pflanze wird seit langem als Heilpflanze genutzt",
            "link": "https://sammlungen.uni-goettingen.de/objekt/record_naniweb_461951/1/-/",
            "name": "Frucht der Agave",
            "order": 0,
            "selected": false,
            "source": "Phormium_tenax,_Agave_americana_Neuseeländischer_Flachs_Amerikanische_Agave_Ausschnitt",
            "wiki": "https://de.wikipedia.org/wiki/Agave_americana",
          },
          Object {
            "description": "stammt ursprünglich aus Indien; aus Samen wird Öl gewonnen",
            "link": "https://sammlungen.uni-goettingen.de/objekt/record_naniweb_461357/1/-/",
            "name": "Fruchtknoten des Indischen Sesams",
            "order": 0,
            "selected": false,
            "source": "Sesamum_indicum_Linné_Sesamum_orientale_Linné_Indischer_Sesam_Weisser_Sesam_Ausschnitt",
            "wiki": "https://de.wikipedia.org/wiki/Sesam",
          },
          Object {
            "description": "beheimatet in Südostasien; auch als Krähenaugenbaum bezeichnet",
            "link": "https://sammlungen.uni-goettingen.de/objekt/record_naniweb_459347/1/-/",
            "name": "Fruchtknoten des Brechnussbaums",
            "order": 0,
            "selected": false,
            "source": "Strychnos_nux_vomica_L._Brechnussbaum_Ausschnitt",
            "wiki": "https://de.wikipedia.org/wiki/Gew%C3%B6hnliche_Brechnuss",
          },
          Object {
            "description": "stammt von den Banda-Inseln und den Molukken; Samen (Muskatnuss) wird als Gewürz verwendet",
            "link": "https://sammlungen.uni-goettingen.de/objekt/record_naniweb_461280/1/-/",
            "name": "Fruchtknoten des Muskatnussbaums",
            "order": 0,
            "selected": false,
            "source": "Myristica_fragrans_Houttuyn_Muskatnussbaum_Teil2_Ausschnitt",
            "wiki": "https://de.wikipedia.org/wiki/Muskatnussbaum",
          },
          Object {
            "description": "kommt in Südflorida und in der Karibik vor; gilt als stark gefährdet",
            "link": "https://sammlungen.uni-goettingen.de/objekt/record_naniweb_459334/1/-/",
            "name": "Staubbeutel des Mahagonibaums",
            "order": 0,
            "selected": false,
            "source": "Swietenia_Mahagoni_L._Amerikanischer_Mahagonibaum_Ausschnitt",
            "wiki": "https://de.wikipedia.org/wiki/Swietenia_mahagoni",
          },
          Object {
            "description": "verbreitet in Süd- und Ostasien; aus den Pflanzenteilen wird Tee gewonnen; ",
            "link": "https://sammlungen.uni-goettingen.de/objekt/record_naniweb_461270/1/-/",
            "name": "Fruchtknoten des Teestrauchs",
            "order": 0,
            "selected": false,
            "source": "Thea_chinensis_Linné_Theestrauch_Ausschnitt",
            "wiki": "https://de.wikipedia.org/wiki/Tee_(Pflanze)",
          },
          Object {
            "description": "wächst in den tropischen Regenwäldern Lateinamerikas; aus Samen (Kakaobohne) wird Schokolade hergestellt",
            "link": "https://sammlungen.uni-goettingen.de/objekt/record_naniweb_461271/1/-/",
            "name": "Staubblatt des Kakaobaums",
            "order": 0,
            "selected": false,
            "source": "Theobroma_Cacao_Linné_Kakaobaum_Ausschnitt",
            "wiki": "https://de.wikipedia.org/wiki/Kakaobaum",
          },
          Object {
            "description": "stammt aus Mexiko und Mittelamerika; wird im Handel als Bourbon-Vanille bezeichnet",
            "link": "https://sammlungen.uni-goettingen.de/objekt/record_naniweb_461941/1/",
            "name": "Honiglippe der Gewürzvanille",
            "order": 0,
            "selected": false,
            "source": "Vanilla_planifolia_Andrews_Vanille_Ausschnitt",
            "wiki": "https://de.wikipedia.org/wiki/Gew%C3%BCrzvanille",
          },
          Object {
            "description": "wächst in den (Sub-)Tropen; wird als Gewürz und Arzneimittel verwendet",
            "link": "https://sammlungen.uni-goettingen.de/objekt/record_naniweb_461279/1/-/",
            "name": "Fruchtknoten des Ingwers",
            "order": 0,
            "selected": false,
            "source": "Zingiber_officinale_Roscoe_Echter_Ingwer_Ausschnitt",
            "wiki": "https://de.wikipedia.org/wiki/Ingwer",
          },
        ]
      }
      selectedPlants={Array []}
      setAction={[Function]}
      setSelectedPlant={[Function]}
    />
    <Footer
      action="Start"
      selectedPlants={Array []}
      setActivePlant={[Function]}
      transformPlant={[Function]}
    />
  </ContextProvider>
</div>
`;
