// Jest Snapshot v1, https://goo.gl/fbAQLP

exports[`Plantala should render correctly 1`] = `
<div
  className="plantala"
>
  <Header />
  <Main
    action="Select"
    plants={
      Array [
        Object {
          "active": false,
          "description": "Acacia Senegal",
          "name": "Gummiakazie",
          "source": "Acacia_Senegal_Gummiakazie_Ausschnitt_Bunt.png",
        },
        Object {
          "active": false,
          "description": "Ananas sativus",
          "name": "Ananas",
          "source": "Ananas_sativus_Schult._Ananas_Ausschnitt_Bunt.png",
        },
        Object {
          "active": false,
          "description": "Andropogon Sorghum Brotero",
          "name": "Mohrenhirse",
          "source": "Andropogon_Sorghum_Brotero_var._Durrha._Mohrenhirse_Ausschnitt_Bunt.png",
        },
        Object {
          "active": false,
          "description": "Cola acuminata",
          "name": "Kolabaum",
          "source": "Cola_acuminata_R._Brown_Kolabaum_Ausschnitt_bunt.png",
        },
        Object {
          "active": false,
          "description": "Myristica fragrans Houttuyn",
          "name": "Muskatnussbaum",
          "source": "Myristica_fragrans_Houttuyn_Muskatnussbaum_Ausschnitt_Bunt.png",
        },
      ]
    }
    setAction={[Function]}
    setSelectedPlant={[Function]}
  />
  <Footer
    selectedPlants={Array []}
  />
</div>
`;
