// Jest Snapshot v1, https://goo.gl/fbAQLP

exports[`Plantala should render correctly 1`] = `
<div
  className="plantala"
>
  <Header />
  <Main
    action="Start"
    plants={
      Array [
        Object {
          "description": "Lehrtafel von Carl von Tubeuf",
          "name": "Lathraea squamaria",
          "source": "1.png",
        },
        Object {
          "name": "Oedogonium diplandrum Juranyi",
          "source": "2.png",
        },
        Object {
          "name": "Nicotiana Tabacum L.",
          "source": "3.png",
        },
      ]
    }
    setAction={[Function]}
  />
  <Footer
    selectedPlants={
      Array [
        Object {
          "description": "Lehrtafel von Carl von Tubeuf",
          "name": "Lathraea squamaria",
          "source": "1.png",
        },
        Object {
          "name": "Oedogonium diplandrum Juranyi",
          "source": "2.png",
        },
        Object {
          "name": "Nicotiana Tabacum L.",
          "source": "3.png",
        },
      ]
    }
  />
</div>
`;
